Exporting package to 'C:\Desarrollo\CC3\Diseño\libGISCom.xml'
Retrieving data for export: packages
Retrieving data for export: diagram elements
Retrieving data for export: links
Retrieving data for export: constraints
Retrieving data for export: attribute tagged values
Retrieving data for export: operation tagged values
Retrieving data for export: operation parameter tagged values
Retrieving data for export: connector tagged values
Completed data retrieval
Pre-processing export tree...
Completed pre-processing
***** Processing package: libGISCom *****
Element:0: eErrorCodes
Element:1: eStatusCodes
Element:2: clsClienteTCP
Element:3: clsProtocoloPL
Element:4: eTrafficLightCodes
Element:5: sRespuestaServidor
Element:6: clsProtocoloCX
Diagram: libGISCom
Formatting output XML...please wait
XMI Document Export Complete!
